// Jest Snapshot v1, https://goo.gl/fbAQLP

exports[`<TableBody /> renders the correct table row(s) 1`] = `
Array [
  <tr
    className=""
  >
    <TableCell
      as="td"
      className="items_table_item"
      data-header="PROJECT TITLE"
      key="ck9bd9hsh06bc07882icvx8e0_projectTitle"
    >
      <td
        className="items_table_item"
        data-header="PROJECT TITLE"
      >
        <div
          className="primary_col"
        >
          <my-project-primary-col
            d={
              Object {
                "__typename": "Package",
                "author": "Marek",
                "categories": "",
                "createdAt": "2020-04-22T13:22:08.848Z",
                "id": "ck9bd9hsh06bc07882icvx8e0",
                "projectTitle": "Guidance Package 04-22-20",
                "status": "PUBLISHED",
                "team": "GPA Press Office",
                "thumbnail": Object {},
                "updatedAt": "2020-04-22T13:22:42.672Z",
                "visibility": "INTERNAL",
              }
            }
            header={
              Object {
                "label": "PROJECT TITLE",
                "name": "projectTitle",
              }
            }
          />
        </div>
        <TableMobileDataToggleIcon
          isOpen={false}
          toggleDisplay={[Function]}
        >
          <Icon
            as="i"
            className="items_table_mobileDataToggleIcon"
            name="chevron down"
            onClick={[Function]}
          >
            <i
              aria-hidden="true"
              className="chevron down icon items_table_mobileDataToggleIcon"
              onClick={[Function]}
            />
          </Icon>
        </TableMobileDataToggleIcon>
      </td>
    </TableCell>
    <TableCell
      as="td"
      className="items_table_item"
      data-header="VISIBILITY"
      key="ck9bd9hsh06bc07882icvx8e0_visibility"
    >
      <td
        className="items_table_item"
        data-header="VISIBILITY"
      >
        <span>
          <div
            className="items_table_mobileHeader"
          >
            VISIBILITY
          </div>
          INTERNAL
        </span>
        <br />
      </td>
    </TableCell>
    <TableCell
      as="td"
      className="items_table_item"
      data-header="MODIFIED"
      key="ck9bd9hsh06bc07882icvx8e0_updatedAt"
    >
      <td
        className="items_table_item"
        data-header="MODIFIED"
      >
        <span>
          <div
            className="items_table_mobileHeader"
          >
            MODIFIED
          </div>
          April 22, 2020
        </span>
        <br />
      </td>
    </TableCell>
    <TableCell
      as="td"
      className="items_table_item"
      data-header="AUTHOR"
      key="ck9bd9hsh06bc07882icvx8e0_author"
    >
      <td
        className="items_table_item"
        data-header="AUTHOR"
      >
        <span>
          <div
            className="items_table_mobileHeader"
          >
            AUTHOR
          </div>
          Marek
        </span>
        <br />
      </td>
    </TableCell>
  </tr>,
  <tr
    className=""
  >
    <TableCell
      as="td"
      className="items_table_item"
      data-header="PROJECT TITLE"
      key="ck98p4elp02i20788l3lxq5gt_projectTitle"
    >
      <td
        className="items_table_item"
        data-header="PROJECT TITLE"
      >
        <div
          className="primary_col"
        >
          <my-project-primary-col
            d={
              Object {
                "__typename": "Package",
                "author": "Marek",
                "categories": "",
                "createdAt": "2020-04-20T16:30:48.298Z",
                "id": "ck98p4elp02i20788l3lxq5gt",
                "projectTitle": "Guidance Package 04-20-20",
                "status": "PUBLISHED",
                "team": "GPA Press Office",
                "thumbnail": Object {},
                "updatedAt": "2020-04-20T16:31:14.936Z",
                "visibility": "INTERNAL",
              }
            }
            header={
              Object {
                "label": "PROJECT TITLE",
                "name": "projectTitle",
              }
            }
          />
        </div>
        <TableMobileDataToggleIcon
          isOpen={false}
          toggleDisplay={[Function]}
        >
          <Icon
            as="i"
            className="items_table_mobileDataToggleIcon"
            name="chevron down"
            onClick={[Function]}
          >
            <i
              aria-hidden="true"
              className="chevron down icon items_table_mobileDataToggleIcon"
              onClick={[Function]}
            />
          </Icon>
        </TableMobileDataToggleIcon>
      </td>
    </TableCell>
    <TableCell
      as="td"
      className="items_table_item"
      data-header="VISIBILITY"
      key="ck98p4elp02i20788l3lxq5gt_visibility"
    >
      <td
        className="items_table_item"
        data-header="VISIBILITY"
      >
        <span>
          <div
            className="items_table_mobileHeader"
          >
            VISIBILITY
          </div>
          INTERNAL
        </span>
        <br />
      </td>
    </TableCell>
    <TableCell
      as="td"
      className="items_table_item"
      data-header="MODIFIED"
      key="ck98p4elp02i20788l3lxq5gt_updatedAt"
    >
      <td
        className="items_table_item"
        data-header="MODIFIED"
      >
        <span>
          <div
            className="items_table_mobileHeader"
          >
            MODIFIED
          </div>
          April 20, 2020
        </span>
        <br />
      </td>
    </TableCell>
    <TableCell
      as="td"
      className="items_table_item"
      data-header="AUTHOR"
      key="ck98p4elp02i20788l3lxq5gt_author"
    >
      <td
        className="items_table_item"
        data-header="AUTHOR"
      >
        <span>
          <div
            className="items_table_mobileHeader"
          >
            AUTHOR
          </div>
          Marek
        </span>
        <br />
      </td>
    </TableCell>
  </tr>,
]
`;
