// Jest Snapshot v1, https://goo.gl/fbAQLP

exports[`withModal() renders without crashing 1`] = `
<Portal
  closeOnDocumentClick={false}
  closeOnEscape={true}
  eventPool="Modal"
  mountNode={<body />}
  onClose={[Function]}
  onMount={[Function]}
  onOpen={[Function]}
  onUnmount={[Function]}
  openOnTriggerClick={true}
  trigger={
    <Trigger
      one="prop1"
      two="prop2"
    />
  }
>
  <Ref
    innerRef={
      Object {
        "current": null,
      }
    }
  >
    <ModalDimmer
      blurring={false}
      centered={true}
      inverted={false}
      mountNode={<body />}
    >
      <Ref
        innerRef={
          Object {
            "current": null,
          }
        }
      >
        <div
          className="ui modal transition visible active"
          one="option1"
          style={Object {}}
          two="option2"
        >
          <ModalContent>
            <Content
              one="prop3"
              two="prop4"
            />
          </ModalContent>
        </div>
      </Ref>
    </ModalDimmer>
  </Ref>
</Portal>
`;
