// Jest Snapshot v1, https://goo.gl/fbAQLP

exports[`<PreviewProjectContent /> renders final state without crashing 1`] = `
<PreviewProjectContent
  data={
    Object {
      "error": undefined,
      "fetchMore": [Function],
      "loading": false,
      "networkStatus": 7,
      "project": Object {
        "createdAt": "2019-03-20T15:09:24.975Z",
        "id": "123",
        "projectType": "video",
        "team": Object {
          "name": "IIP Video Production",
        },
        "thumbnails": Array [
          Object {
            "alt": "A man wearing a hardhat walks through an empty factory.",
            "url": "https://staticcdp.s3.amazonaws.com/2018/05/courses.america.gov_1481/b3b38d194ff80d06dd837f57a41fe16f.jpg",
          },
        ],
        "units": Array [
          Object {
            "descPublic": "The value and meaning of the words “Made in America” come from a rich history of innovation and perseverance. Stay for a brief history of manufacturing in the USA and hear some of the positive impacts it has brought to the world and how its benefits are felt today.",
            "files": Array [
              Object {
                "dimensions": Object {
                  "height": 1080,
                  "width": 1920,
                },
                "filename": "madeinamerica_english_asdkjaf_al;kdflkeori_erpoiuzx,mnvz.mp4",
                "filesize": 662595174,
                "id": "cjsw7urxd00oc0756llfh4ihs",
                "stream": Object {
                  "embedUrl": "https://www.youtube.com/embed/1evw4fRu3bo",
                  "site": "YouTube",
                },
                "url": "https://video-download-url.com",
                "videoBurnedInStatus": "CLEAN",
              },
            ],
            "id": "cjsx8fj5h01ez0756cd0t6r30",
            "language": Object {
              "displayName": "English",
              "languageCode": "en",
              "textDirection": "LTR",
            },
            "thumbnails": Array [
              Object {
                "image": Object {
                  "alt": "A man wearing a hardhat walks through an empty factory.",
                  "url": "https://staticcdp.s3.amazonaws.com/2018/05/courses.america.gov_1481/b3b38d194ff80d06dd837f57a41fe16f.jpg",
                },
              },
            ],
            "title": "Made in America",
          },
          Object {
            "descPublic": "La valeur et le sens de l’expression Fabriqué en Amérique, ont leur origine dans un passé riche d’innovation et de persévérance. Découvrez une partie de l’histoire de l’industrie manufacturière aux États-Unis et l’influence positive qu’elle a eue sur le monde, dans le passé et encore aujourd’hui.",
            "files": Array [
              Object {
                "dimensions": Object {
                  "height": 1080,
                  "width": 1920,
                },
                "filename": "madeinamerica_french.mp4",
                "filesize": 662595174,
                "id": "cjsxe6k6w01z7075657wt2ork",
                "stream": Object {
                  "embedUrl": "https://www.youtube.com/embed/1evw4fRu3bo",
                  "site": "YouTube",
                },
                "url": "https://video-download-url.com",
                "videoBurnedInStatus": "CLEAN",
              },
            ],
            "id": "cjt01xotk02fu0756743g45a8",
            "language": Object {
              "displayName": "French",
              "languageCode": "fr",
              "textDirection": "LTR",
            },
            "thumbnails": Array [
              Object {
                "image": Object {
                  "alt": "A man wearing a hardhat walks through an empty factory.",
                  "url": "https://staticcdp.s3.amazonaws.com/2018/05/courses.america.gov_1481/b3b38d194ff80d06dd837f57a41fe16f.jpg",
                },
              },
            ],
            "title": "Fabriqué en Amérique",
          },
        ],
        "updatedAt": "2019-04-02T16:28:31.888Z",
      },
      "refetch": [Function],
      "startPolling": [Function],
      "stopPolling": [Function],
      "subscribeToMore": [Function],
      "updateQuery": [Function],
      "variables": Object {
        "id": "123",
        "isReviewPage": false,
      },
    }
  }
  id="123"
>
  <ModalItem
    className="project-preview"
    headline="Made in America"
    textDirection="LTR"
  >
    <div
      className="modal LTR project-preview"
    >
      <h1
        className="modal_headline"
      >
        Made in America
      </h1>
      <Notification
        customStyles={
          Object {
            "backgroundColor": "#fdb81e",
            "borderTopLeftRadius": "0.28571429rem",
            "borderTopRightRadius": "0.28571429rem",
            "fontSize": "1em",
            "left": "0",
            "padding": "1em 1.5em",
            "position": "absolute",
            "right": "0",
            "top": "0",
          }
        }
        el="p"
        msg="This is a preview of your video project on Content Commons."
      >
        <p
          style={
            Object {
              "backgroundColor": "#fdb81e",
              "borderTopLeftRadius": "0.28571429rem",
              "borderTopRightRadius": "0.28571429rem",
              "fontSize": "1em",
              "left": "0",
              "padding": "1em 1.5em",
              "position": "absolute",
              "right": "0",
              "top": "0",
            }
          }
        >
          This is a preview of your video project on Content Commons.
        </p>
      </Notification>
      <div
        className="modal_options"
      >
        <Dropdown
          additionLabel="Add "
          additionPosition="top"
          className="modal_languages"
          closeOnBlur={true}
          deburr={false}
          icon="chevron down"
          minCharacters={1}
          noResultsMessage="No results found."
          onChange={[Function]}
          onClick={[Function]}
          openOnFocus={true}
          options={
            Array [
              Object {
                "key": "en",
                "text": "English",
                "value": "English",
              },
              Object {
                "key": "fr",
                "text": "French",
                "value": "French",
              },
            ]
          }
          renderLabel={[Function]}
          searchInput="text"
          selectOnBlur={true}
          selectOnNavigation={true}
          value="English"
          wrapSelection={true}
        >
          <div
            aria-expanded={false}
            className="ui dropdown modal_languages"
            onBlur={[Function]}
            onChange={[Function]}
            onClick={[Function]}
            onFocus={[Function]}
            onMouseDown={[Function]}
            role="listbox"
            tabIndex={0}
          >
            <div
              aria-live="polite"
              className="text"
              role="alert"
            >
              English
            </div>
            <Icon
              as="i"
              className=""
              name="chevron down"
              onClick={[Function]}
            >
              <i
                aria-hidden="true"
                className="chevron down icon"
                onClick={[Function]}
              />
            </Icon>
            <DropdownMenu>
              <div
                className="menu transition"
              >
                <DropdownItem
                  active={true}
                  key="en"
                  onClick={[Function]}
                  selected={true}
                  style={
                    Object {
                      "pointerEvents": "all",
                    }
                  }
                  text="English"
                  value="English"
                >
                  <div
                    aria-checked={true}
                    aria-selected={true}
                    className="active selected item"
                    onClick={[Function]}
                    role="option"
                    style={
                      Object {
                        "pointerEvents": "all",
                      }
                    }
                  >
                    <span
                      className="text"
                    >
                      English
                    </span>
                  </div>
                </DropdownItem>
                <DropdownItem
                  active={false}
                  key="fr"
                  onClick={[Function]}
                  selected={false}
                  style={
                    Object {
                      "pointerEvents": "all",
                    }
                  }
                  text="French"
                  value="French"
                >
                  <div
                    aria-checked={false}
                    aria-selected={false}
                    className="item"
                    onClick={[Function]}
                    role="option"
                    style={
                      Object {
                        "pointerEvents": "all",
                      }
                    }
                  >
                    <span
                      className="text"
                    >
                      French
                    </span>
                  </div>
                </DropdownItem>
              </div>
            </DropdownMenu>
          </div>
        </Dropdown>
        <div
          className="trigger-container"
        >
          <PopupTrigger
            content={
              <PopupTabbed
                panes={
                  Array [
                    Object {
                      "component": <DownloadVideo
                        burnedInCaptions={false}
                        instructions="Download the video file in English.
                            This download option is best for uploading this video to web pages."
                        selectedLanguageUnit={
                          Object {
                            "descPublic": "The value and meaning of the words “Made in America” come from a rich history of innovation and perseverance. Stay for a brief history of manufacturing in the USA and hear some of the positive impacts it has brought to the world and how its benefits are felt today.",
                            "files": Array [
                              Object {
                                "dimensions": Object {
                                  "height": 1080,
                                  "width": 1920,
                                },
                                "filename": "madeinamerica_english_asdkjaf_al;kdflkeori_erpoiuzx,mnvz.mp4",
                                "filesize": 662595174,
                                "id": "cjsw7urxd00oc0756llfh4ihs",
                                "stream": Object {
                                  "embedUrl": "https://www.youtube.com/embed/1evw4fRu3bo",
                                  "site": "YouTube",
                                },
                                "url": "https://video-download-url.com",
                                "videoBurnedInStatus": "CLEAN",
                              },
                            ],
                            "id": "cjsx8fj5h01ez0756cd0t6r30",
                            "language": Object {
                              "displayName": "English",
                              "languageCode": "en",
                              "textDirection": "LTR",
                            },
                            "thumbnails": Array [
                              Object {
                                "image": Object {
                                  "alt": "A man wearing a hardhat walks through an empty factory.",
                                  "url": "https://staticcdp.s3.amazonaws.com/2018/05/courses.america.gov_1481/b3b38d194ff80d06dd837f57a41fe16f.jpg",
                                },
                              },
                            ],
                            "title": "Made in America",
                          }
                        }
                      />,
                      "title": "Video File",
                    },
                    Object {
                      "component": <Apollo(DownloadSrt)
                        id="123"
                        instructions="Download SRT(s)"
                      />,
                      "title": "SRT",
                    },
                    Object {
                      "component": <Apollo(DownloadThumbnail)
                        id="123"
                        instructions="Download Thumbnail(s)"
                      />,
                      "title": "Thumbnail",
                    },
                    Object {
                      "component": <Apollo(DownloadOtherFiles)
                        id="123"
                        instructions="Download Other File(s)"
                      />,
                      "title": "Other",
                    },
                    Object {
                      "component": <DownloadHelp />,
                      "title": "Help",
                    },
                  ]
                }
                title="Download this video."
              />
            }
            icon={
              Object {
                "dim": 18,
                "img": Object {},
              }
            }
            position="right"
            show={true}
            toolTip="Download video"
          >
            <span
              style={
                Object {
                  "display": "inline-block",
                }
              }
            >
              <Popup
                className="popupElem_wrapper"
                content={
                  <PopupTabbed
                    panes={
                      Array [
                        Object {
                          "component": <DownloadVideo
                            burnedInCaptions={false}
                            instructions="Download the video file in English.
                            This download option is best for uploading this video to web pages."
                            selectedLanguageUnit={
                              Object {
                                "descPublic": "The value and meaning of the words “Made in America” come from a rich history of innovation and perseverance. Stay for a brief history of manufacturing in the USA and hear some of the positive impacts it has brought to the world and how its benefits are felt today.",
                                "files": Array [
                                  Object {
                                    "dimensions": Object {
                                      "height": 1080,
                                      "width": 1920,
                                    },
                                    "filename": "madeinamerica_english_asdkjaf_al;kdflkeori_erpoiuzx,mnvz.mp4",
                                    "filesize": 662595174,
                                    "id": "cjsw7urxd00oc0756llfh4ihs",
                                    "stream": Object {
                                      "embedUrl": "https://www.youtube.com/embed/1evw4fRu3bo",
                                      "site": "YouTube",
                                    },
                                    "url": "https://video-download-url.com",
                                    "videoBurnedInStatus": "CLEAN",
                                  },
                                ],
                                "id": "cjsx8fj5h01ez0756cd0t6r30",
                                "language": Object {
                                  "displayName": "English",
                                  "languageCode": "en",
                                  "textDirection": "LTR",
                                },
                                "thumbnails": Array [
                                  Object {
                                    "image": Object {
                                      "alt": "A man wearing a hardhat walks through an empty factory.",
                                      "url": "https://staticcdp.s3.amazonaws.com/2018/05/courses.america.gov_1481/b3b38d194ff80d06dd837f57a41fe16f.jpg",
                                    },
                                  },
                                ],
                                "title": "Made in America",
                              }
                            }
                          />,
                          "title": "Video File",
                        },
                        Object {
                          "component": <Apollo(DownloadSrt)
                            id="123"
                            instructions="Download SRT(s)"
                          />,
                          "title": "SRT",
                        },
                        Object {
                          "component": <Apollo(DownloadThumbnail)
                            id="123"
                            instructions="Download Thumbnail(s)"
                          />,
                          "title": "Thumbnail",
                        },
                        Object {
                          "component": <Apollo(DownloadOtherFiles)
                            id="123"
                            instructions="Download Other File(s)"
                          />,
                          "title": "Other",
                        },
                        Object {
                          "component": <DownloadHelp />,
                          "title": "Help",
                        },
                      ]
                    }
                    title="Download this video."
                  />
                }
                horizontalOffset={4}
                keepInViewPort={true}
                on="click"
                position="bottom right"
                trigger={
                  <Button
                    as="button"
                    className="trigger"
                    tooltip="Download video"
                  >
                    <img
                      alt="Download video"
                      height={18}
                      src={Object {}}
                      width={18}
                    />
                     
                  </Button>
                }
              >
                <Portal
                  closeOnDocumentClick={true}
                  closeOnEscape={true}
                  closeOnTriggerClick={true}
                  eventPool="default"
                  onClose={[Function]}
                  onMount={[Function]}
                  onOpen={[Function]}
                  onUnmount={[Function]}
                  openOnTriggerClick={true}
                  trigger={
                    <Button
                      as="button"
                      className="trigger"
                      tooltip="Download video"
                    >
                      <img
                        alt="Download video"
                        height={18}
                        src={Object {}}
                        width={18}
                      />
                       
                    </Button>
                  }
                  triggerRef={[Function]}
                >
                  <Ref
                    innerRef={[Function]}
                  >
                    <Button
                      as="button"
                      className="trigger"
                      onBlur={[Function]}
                      onClick={[Function]}
                      onFocus={[Function]}
                      onMouseEnter={[Function]}
                      onMouseLeave={[Function]}
                      tooltip="Download video"
                    >
                      <button
                        className="ui button trigger"
                        onBlur={[Function]}
                        onClick={[Function]}
                        onFocus={[Function]}
                        onMouseEnter={[Function]}
                        onMouseLeave={[Function]}
                        tooltip="Download video"
                      >
                        <img
                          alt="Download video"
                          height={18}
                          src={Object {}}
                          width={18}
                        />
                         
                      </button>
                    </Button>
                  </Ref>
                </Portal>
              </Popup>
            </span>
          </PopupTrigger>
        </div>
      </div>
      <div
        className="project-preview__content"
      >
        <Embed
          id={null}
          placeholder="https://staticcdp.s3.amazonaws.com/2018/05/courses.america.gov_1481/b3b38d194ff80d06dd837f57a41fe16f.jpg"
          source="youtube"
        >
          <div
            className="ui embed"
            onClick={[Function]}
          >
            <Icon
              as="i"
              name="video play"
            >
              <i
                aria-hidden="true"
                className="video play icon"
              />
            </Icon>
            <img
              className="placeholder"
              src="https://staticcdp.s3.amazonaws.com/2018/05/courses.america.gov_1481/b3b38d194ff80d06dd837f57a41fe16f.jpg"
            />
          </div>
        </Embed>
        <ModalContentMeta
          dateUpdated="2019-04-02T16:28:31.888Z"
          type="video"
        >
          <section
            className="modal_section modal_section--metaContent"
          >
            <div
              className="modal_meta_wrapper"
            >
              <div
                className="modal_meta"
              >
                <span
                  className="modal_meta_content modal_meta_content--filetype"
                >
                  File Type: video
                </span>
                <span
                  className="modal_meta_content modal_meta_content--date"
                >
                  Updated: April 02, 2019
                </span>
              </div>
            </div>
          </section>
        </ModalContentMeta>
        <ModalDescription
          description="The value and meaning of the words “Made in America” come from a rich history of innovation and perseverance. Stay for a brief history of manufacturing in the USA and hear some of the positive impacts it has brought to the world and how its benefits are felt today."
        >
          <section
            className="modal_section modal_section--description"
          >
            <p
              className="modal_description_text"
            >
              The value and meaning of the words “Made in America” come from a rich history of innovation and perseverance. Stay for a brief history of manufacturing in the USA and hear some of the positive impacts it has brought to the world and how its benefits are felt today.
            </p>
          </section>
        </ModalDescription>
      </div>
      <ModalPostMeta
        datePublished="2019-03-20T15:09:24.975Z"
        source="IIP Video Production"
      >
        <section
          className="modal_section modal_section--postMeta"
        >
          <span
            className="modal_postmeta_content"
          >
            Source:
             
            IIP Video Production
          </span>
          <span
            className="modal_postmeta_content"
          >
            Date Published: March 20, 2019
          </span>
        </section>
      </ModalPostMeta>
    </div>
  </ModalItem>
</PreviewProjectContent>
`;

exports[`<PreviewProjectContent /> renders initial loading state without crashing 1`] = `
<PreviewProjectContent
  data={
    Object {
      "error": undefined,
      "fetchMore": [Function],
      "loading": true,
      "networkStatus": 1,
      "refetch": [Function],
      "startPolling": [Function],
      "stopPolling": [Function],
      "subscribeToMore": [Function],
      "updateQuery": [Function],
      "variables": Object {
        "id": "123",
        "isReviewPage": false,
      },
    }
  }
  id="123"
>
  <div
    className="preview-project-loader"
    style={
      Object {
        "alignItems": "center",
        "display": "flex",
        "flexDirection": "column",
        "justifyContent": "center",
        "minHeight": "200px",
      }
    }
  >
    <Loader
      active={true}
      inline="centered"
      style={
        Object {
          "marginBottom": "1em",
        }
      }
    >
      <div
        className="ui active centered inline loader"
        style={
          Object {
            "marginBottom": "1em",
          }
        }
      />
    </Loader>
    <p>
      Loading the project preview...
    </p>
  </div>
</PreviewProjectContent>
`;
