// Jest Snapshot v1, https://goo.gl/fbAQLP

exports[`<PreviewProject /> renders a Modal component 1`] = `
<Modal
  centered={true}
  closeOnDimmerClick={true}
  closeOnDocumentClick={false}
  dimmer={true}
  eventPool="Modal"
  one="option1"
  trigger={<Trigger />}
  two="option2"
>
  <ModalContent>
    <Content />
  </ModalContent>
</Modal>
`;
