// Jest Snapshot v1, https://goo.gl/fbAQLP

exports[`<DownloadOtherFiles /> renders final state without crashing 1`] = `
<DownloadOtherFiles
  data={
    Object {
      "called": true,
      "error": undefined,
      "fetchMore": [Function],
      "loading": false,
      "networkStatus": 7,
      "project": Object {
        "files": Array [
          Object {
            "filename": "file-1.pdf",
            "filetype": "application/pdf",
            "id": "pdf89",
            "language": Object {
              "displayName": "English",
              "id": "en23",
            },
            "url": "2019/06/123/file-1.pdf",
          },
          Object {
            "filename": "audio-1.mp3",
            "filetype": "audio/x-mpeg-3",
            "id": "au56",
            "language": Object {
              "displayName": "English",
              "id": "en23",
            },
            "url": "2019/06/123/audio-1.mp3",
          },
        ],
        "id": "123",
        "thumbnails": Array [
          Object {
            "filename": "thumbnail-1.jpg",
            "filetype": "image/jpeg",
            "id": "th765",
            "language": Object {
              "displayName": "English",
              "id": "en23",
            },
            "url": "2019/06/123/thumbnail-1.jpg",
          },
          Object {
            "filename": "thumbnail-2.jpg",
            "filetype": "image/jpeg",
            "id": "th865",
            "language": Object {
              "displayName": "English",
              "id": "en23",
            },
            "url": "2019/06/123/thumbnail-2.jpg",
          },
        ],
      },
      "refetch": [Function],
      "startPolling": [Function],
      "stopPolling": [Function],
      "subscribeToMore": [Function],
      "updateQuery": [Function],
      "variables": Object {
        "id": "123",
      },
    }
  }
  id="123"
  instructions="Download Other File(s)"
  isPreview={false}
>
  <DownloadItemContent
    hoverText="Download English Thumbnail"
    isAdminPreview={false}
    key="fs_th765"
    srcUrl="https://s3-url.com/2019/06/123/thumbnail-1.jpg"
  >
    <a
      className="download-item"
      download={true}
      href="https://example.jpg"
      key="https://example.jpg"
      rel="noopener noreferrer"
    >
      <div
        className="item-icon"
      >
        <img
          alt="Download English Thumbnail"
          src="downloadIconSVG"
        />
      </div>
      <div
        className="item-content"
      >
        <p
          className="item-content__title"
        >
          <strong>
            Download English Thumbnail
          </strong>
        </p>
      </div>
      <span
        className="item-hover"
      >
        Download English Thumbnail
      </span>
    </a>
  </DownloadItemContent>
  <DownloadItemContent
    hoverText="Download English Thumbnail"
    isAdminPreview={false}
    key="fs_th865"
    srcUrl="https://s3-url.com/2019/06/123/thumbnail-2.jpg"
  >
    <a
      className="download-item"
      download={true}
      href="https://example.jpg"
      key="https://example.jpg"
      rel="noopener noreferrer"
    >
      <div
        className="item-icon"
      >
        <img
          alt="Download English Thumbnail"
          src="downloadIconSVG"
        />
      </div>
      <div
        className="item-content"
      >
        <p
          className="item-content__title"
        >
          <strong>
            Download English Thumbnail
          </strong>
        </p>
      </div>
      <span
        className="item-hover"
      >
        Download English Thumbnail
      </span>
    </a>
  </DownloadItemContent>
  <DownloadItemContent
    hoverText="Download \\"file-1.pdf\\" (Pdf)"
    isAdminPreview={false}
    key="fs_pdf89"
    srcUrl="https://s3-url.com/2019/06/123/file-1.pdf"
  >
    <a
      className="download-item"
      download={true}
      href="https://example.jpg"
      key="https://example.jpg"
      rel="noopener noreferrer"
    >
      <div
        className="item-icon"
      >
        <img
          alt="Download \\"file-1.pdf\\" (Pdf)"
          src="downloadIconSVG"
        />
      </div>
      <div
        className="item-content"
      >
        <p
          className="item-content__title"
        >
          <strong>
            Download "file-1.pdf" (Pdf)
          </strong>
        </p>
      </div>
      <span
        className="item-hover"
      >
        Download "file-1.pdf" (Pdf)
      </span>
    </a>
  </DownloadItemContent>
  <DownloadItemContent
    hoverText="Download \\"audio-1.mp3\\" (Mp3)"
    isAdminPreview={false}
    key="fs_au56"
    srcUrl="https://s3-url.com/2019/06/123/audio-1.mp3"
  >
    <a
      className="download-item"
      download={true}
      href="https://example.jpg"
      key="https://example.jpg"
      rel="noopener noreferrer"
    >
      <div
        className="item-icon"
      >
        <img
          alt="Download \\"audio-1.mp3\\" (Mp3)"
          src="downloadIconSVG"
        />
      </div>
      <div
        className="item-content"
      >
        <p
          className="item-content__title"
        >
          <strong>
            Download "audio-1.mp3" (Mp3)
          </strong>
        </p>
      </div>
      <span
        className="item-hover"
      >
        Download "audio-1.mp3" (Mp3)
      </span>
    </a>
  </DownloadItemContent>
</DownloadOtherFiles>
`;

exports[`<DownloadOtherFiles /> renders initial loading state without crashing 1`] = `
<DownloadOtherFiles
  data={
    Object {
      "called": true,
      "error": undefined,
      "fetchMore": [Function],
      "loading": true,
      "networkStatus": 1,
      "refetch": [Function],
      "startPolling": [Function],
      "stopPolling": [Function],
      "subscribeToMore": [Function],
      "updateQuery": [Function],
      "variables": Object {
        "id": "123",
      },
    }
  }
  id="123"
  instructions="Download Other File(s)"
  isPreview={false}
>
  <div
    style={
      Object {
        "alignItems": "center",
        "display": "flex",
        "flexDirection": "column",
        "justifyContent": "center",
        "minHeight": "200px",
      }
    }
  >
    <Loader
      active={true}
      content="Loading other file(s)..."
      inline="centered"
      style={
        Object {
          "marginBottom": "1em",
        }
      }
    >
      <div
        className="ui active text centered inline loader"
        style={
          Object {
            "marginBottom": "1em",
          }
        }
      >
        Loading other file(s)...
      </div>
    </Loader>
  </div>
</DownloadOtherFiles>
`;
