// Jest Snapshot v1, https://goo.gl/fbAQLP

exports[`<PopupTrigger /> renders without crashing 1`] = `
<PopupTrigger
  content={
    <div>
      content
    </div>
  }
  icon={
    Object {
      "dim": 18,
      "img": "shareIcon.svg",
    }
  }
  show={true}
  toolTip="Share Project"
>
  <span
    style={
      Object {
        "display": "inline-block",
      }
    }
  >
    <Popup
      className="popupElem_wrapper"
      content={
        <div>
          content
        </div>
      }
      disabled={false}
      eventsEnabled={true}
      offset={4}
      on="click"
      pinned={false}
      popperModifiers={Array []}
      position="bottom right"
      trigger={
        <Button
          as="button"
          className="trigger"
          tooltip="Share Project"
        >
          <img
            alt="Share Project"
            height={18}
            src="shareIcon.svg"
            width={18}
          />
           
        </Button>
      }
    >
      <Portal
        closeOnDocumentClick={true}
        closeOnEscape={true}
        closeOnTriggerClick={true}
        eventPool="default"
        onClose={[Function]}
        onMount={[Function]}
        onOpen={[Function]}
        onUnmount={[Function]}
        openOnTriggerClick={true}
        trigger={
          <Button
            as="button"
            className="trigger"
            tooltip="Share Project"
          >
            <img
              alt="Share Project"
              height={18}
              src="shareIcon.svg"
              width={18}
            />
             
          </Button>
        }
        triggerRef={
          Object {
            "current": <button
              class="ui button trigger"
              tooltip="Share Project"
            >
              <img
                alt="Share Project"
                height="18"
                src="shareIcon.svg"
                width="18"
              />
               
            </button>,
          }
        }
      >
        <Ref
          innerRef={[Function]}
        >
          <RefFindNode
            innerRef={[Function]}
          >
            <Button
              as="button"
              className="trigger"
              onBlur={[Function]}
              onClick={[Function]}
              onFocus={[Function]}
              onMouseEnter={[Function]}
              onMouseLeave={[Function]}
              tooltip="Share Project"
            >
              <Ref
                innerRef={
                  Object {
                    "current": <button
                      class="ui button trigger"
                      tooltip="Share Project"
                    >
                      <img
                        alt="Share Project"
                        height="18"
                        src="shareIcon.svg"
                        width="18"
                      />
                       
                    </button>,
                  }
                }
              >
                <RefFindNode
                  innerRef={
                    Object {
                      "current": <button
                        class="ui button trigger"
                        tooltip="Share Project"
                      >
                        <img
                          alt="Share Project"
                          height="18"
                          src="shareIcon.svg"
                          width="18"
                        />
                         
                      </button>,
                    }
                  }
                >
                  <button
                    className="ui button trigger"
                    onBlur={[Function]}
                    onClick={[Function]}
                    onFocus={[Function]}
                    onMouseEnter={[Function]}
                    onMouseLeave={[Function]}
                    tooltip="Share Project"
                  >
                    <img
                      alt="Share Project"
                      height={18}
                      src="shareIcon.svg"
                      width={18}
                    />
                     
                  </button>
                </RefFindNode>
              </Ref>
            </Button>
          </RefFindNode>
        </Ref>
      </Portal>
    </Popup>
  </span>
</PopupTrigger>
`;
